// Jest Snapshot v1, https://goo.gl/fbAQLP

exports[`Pruebas en <GifExpertApp /> el primer render del GifExpert 1`] = `
<div>
  <h1>
    GifExpertApp
  </h1>
  <form
    aria-label="from"
  >
    <input
      placeholder="Buscar gifs"
      type="text"
      value=""
    />
  </form>
  <h3>
    One Puch
  </h3>
  <h2>
    Cargando...
  </h2>
  <div
    class="card-grid"
  />
</div>
`;

exports[`Pruebas en <GifExpertApp /> should 1`] = `
<div>
  <h1>
    GifExpertApp
  </h1>
  <form
    aria-label="from"
  >
    <input
      placeholder="Buscar gifs"
      type="text"
      value=""
    />
  </form>
  <h3>
    One Puch
  </h3>
  <h2>
    Cargando...
  </h2>
  <div
    class="card-grid"
  />
</div>
`;
